warn: Microsoft.EntityFrameworkCore.Model[10632]
      No instantiatable types implementing `IEntityTypeConfiguration` were found while scanning assembly 'RadiologyCenter.BuildingBlocks.Infrastructure, Version=1.0.0.0, Culture=neutral, PublicKeyToken=null'.
info: Microsoft.EntityFrameworkCore.Database.Command[20101]
      Executed DbCommand (1ms) [Parameters=[], CommandType='Text', CommandTimeout='30']
      SELECT 1
info: Microsoft.EntityFrameworkCore.Migrations[20411]
      Acquiring an exclusive lock for migration application. See https://aka.ms/efcore-docs-migrations-lock for more information if this takes too long.
info: Microsoft.EntityFrameworkCore.Database.Command[20101]
      Executed DbCommand (1ms) [Parameters=[], CommandType='Text', CommandTimeout='30']
      DECLARE @result int;
      EXEC @result = sp_getapplock @Resource = '__EFMigrationsLock', @LockOwner = 'Session', @LockMode = 'Exclusive';
      SELECT @result
info: Microsoft.EntityFrameworkCore.Database.Command[20101]
      Executed DbCommand (1ms) [Parameters=[], CommandType='Text', CommandTimeout='30']
      IF OBJECT_ID(N'[__EFMigrationsHistory]') IS NULL
      BEGIN
          CREATE TABLE [__EFMigrationsHistory] (
              [MigrationId] nvarchar(150) NOT NULL,
              [ProductVersion] nvarchar(32) NOT NULL,
              CONSTRAINT [PK___EFMigrationsHistory] PRIMARY KEY ([MigrationId])
          );
      END;
info: Microsoft.EntityFrameworkCore.Database.Command[20101]
      Executed DbCommand (0ms) [Parameters=[], CommandType='Text', CommandTimeout='30']
      SELECT 1
info: Microsoft.EntityFrameworkCore.Database.Command[20101]
      Executed DbCommand (1ms) [Parameters=[], CommandType='Text', CommandTimeout='30']
      SELECT OBJECT_ID(N'[__EFMigrationsHistory]');
info: Microsoft.EntityFrameworkCore.Database.Command[20101]
      Executed DbCommand (1ms) [Parameters=[], CommandType='Text', CommandTimeout='30']
      SELECT [MigrationId], [ProductVersion]
      FROM [__EFMigrationsHistory]
      ORDER BY [MigrationId];
info: Microsoft.EntityFrameworkCore.Migrations[20405]
      No migrations were applied. The database is already up to date.
info: Microsoft.EntityFrameworkCore.Database.Command[20101]
      Executed DbCommand (1ms) [Parameters=[], CommandType='Text', CommandTimeout='30']
      DECLARE @result int;
      EXEC @result = sp_releaseapplock @Resource = '__EFMigrationsLock', @LockOwner = 'Session';
      SELECT @result
info: Microsoft.EntityFrameworkCore.Database.Command[20101]
      Executed DbCommand (23ms) [Parameters=[], CommandType='Text', CommandTimeout='30']
      SELECT [a].[Code]
      FROM [Identity].[AspNetPermissions] AS [a]
info: Microsoft.EntityFrameworkCore.Database.Command[20101]
      Executed DbCommand (4ms) [Parameters=[], CommandType='Text', CommandTimeout='30']
      SELECT [a].[Id], [a].[Code], [a].[Description], [a].[Group], [a].[Name]
      FROM [Identity].[AspNetPermissions] AS [a]
info: Microsoft.EntityFrameworkCore.Database.Command[20101]
      Executed DbCommand (17ms) [Parameters=[], CommandType='Text', CommandTimeout='30']
      SELECT [a1].[Id], [a1].[ConcurrencyStamp], [a1].[CreatedAt], [a1].[Description], [a1].[IsActive], [a1].[IsSystem], [a1].[Name], [a1].[NormalizedName], [s].[PermissionsId], [s].[RoleId], [s].[Id], [s].[Code], [s].[Description], [s].[Group], [s].[Name]
      FROM (
          SELECT TOP(1) [a].[Id], [a].[ConcurrencyStamp], [a].[CreatedAt], [a].[Description], [a].[IsActive], [a].[IsSystem], [a].[Name], [a].[NormalizedName]
          FROM [Identity].[AspNetRoles] AS [a]
          WHERE [a].[Name] = N'Administrator'
      ) AS [a1]
      LEFT JOIN (
          SELECT [r].[PermissionsId], [r].[RoleId], [a0].[Id], [a0].[Code], [a0].[Description], [a0].[Group], [a0].[Name]
          FROM [Identity].[RolePermissions] AS [r]
          INNER JOIN [Identity].[AspNetPermissions] AS [a0] ON [r].[PermissionsId] = [a0].[Id]
      ) AS [s] ON [a1].[Id] = [s].[RoleId]
      ORDER BY [a1].[Id], [s].[PermissionsId], [s].[RoleId]
warn: Microsoft.EntityFrameworkCore.Query[20504]
      Compiling a query which loads related collections for more than one collection navigation, either via 'Include' or through projection, but no 'QuerySplittingBehavior' has been configured. By default, Entity Framework will use 'QuerySplittingBehavior.SingleQuery', which can potentially result in slow query performance. See https://go.microsoft.com/fwlink/?linkid=2134277 for more information. To identify the query that's triggering this warning call 'ConfigureWarnings(w => w.Throw(RelationalEventId.MultipleCollectionIncludeWarning))'.
info: Microsoft.EntityFrameworkCore.Database.Command[20101]
      Executed DbCommand (26ms) [Parameters=[], CommandType='Text', CommandTimeout='30']
      SELECT [a2].[Id], [a2].[AccessFailedCount], [a2].[ConcurrencyStamp], [a2].[CreatedAt], [a2].[Email], [a2].[EmailConfirmed], [a2].[FirstName], [a2].[IsActive], [a2].[LastLoginAt], [a2].[LastName], [a2].[LockoutEnabled], [a2].[LockoutEnd], [a2].[MustChangePassword], [a2].[NormalizedEmail], [a2].[NormalizedUserName], [a2].[PasswordHash], [a2].[PhoneNumber], [a2].[PhoneNumberConfirmed], [a2].[ProfilePictureUrl], [a2].[SecurityStamp], [a2].[TwoFactorEnabled], [a2].[UserName], [r].[UserId], [r].[Token], [r].[CreatedAtUtc], [r].[ExpiresAtUtc], [r].[RevokedAtUtc], [u].[UserId], [u].[Id], [u].[LastActivityAtUtc], [u].[RefreshToken], [u].[RevokedAtUtc], [u].[StartedAtUtc], [s].[AssignedRolesId], [s].[UserId], [s].[Id], [s].[ConcurrencyStamp], [s].[CreatedAt], [s].[Description], [s].[IsActive], [s].[IsSystem], [s].[Name], [s].[NormalizedName]
      FROM (
          SELECT TOP(1) [a].[Id], [a].[AccessFailedCount], [a].[ConcurrencyStamp], [a].[CreatedAt], [a].[Email], [a].[EmailConfirmed], [a].[FirstName], [a].[IsActive], [a].[LastLoginAt], [a].[LastName], [a].[LockoutEnabled], [a].[LockoutEnd], [a].[MustChangePassword], [a].[NormalizedEmail], [a].[NormalizedUserName], [a].[PasswordHash], [a].[PhoneNumber], [a].[PhoneNumberConfirmed], [a].[ProfilePictureUrl], [a].[SecurityStamp], [a].[TwoFactorEnabled], [a].[UserName]
          FROM [Identity].[AspNetUsers] AS [a]
          WHERE [a].[UserName] = N'admin123'
      ) AS [a2]
      LEFT JOIN [Identity].[RefreshToken] AS [r] ON [a2].[Id] = [r].[UserId]
      LEFT JOIN [Identity].[UserSession] AS [u] ON [a2].[Id] = [u].[UserId]
      LEFT JOIN (
          SELECT [a0].[AssignedRolesId], [a0].[UserId], [a1].[Id], [a1].[ConcurrencyStamp], [a1].[CreatedAt], [a1].[Description], [a1].[IsActive], [a1].[IsSystem], [a1].[Name], [a1].[NormalizedName]
          FROM [Identity].[AspNetUserRoles] AS [a0]
          INNER JOIN [Identity].[AspNetRoles] AS [a1] ON [a0].[AssignedRolesId] = [a1].[Id]
      ) AS [s] ON [a2].[Id] = [s].[UserId]
      ORDER BY [a2].[Id], [r].[UserId], [r].[Token], [u].[UserId], [u].[Id], [s].[AssignedRolesId], [s].[UserId]
warn: Microsoft.EntityFrameworkCore.Model[10632]
      No instantiatable types implementing `IEntityTypeConfiguration` were found while scanning assembly 'RadiologyCenter.BuildingBlocks.Infrastructure, Version=1.0.0.0, Culture=neutral, PublicKeyToken=null'.
info: Microsoft.EntityFrameworkCore.Database.Command[20101]
      Executed DbCommand (1ms) [Parameters=[], CommandType='Text', CommandTimeout='30']
      SELECT 1
info: Microsoft.EntityFrameworkCore.Migrations[20411]
      Acquiring an exclusive lock for migration application. See https://aka.ms/efcore-docs-migrations-lock for more information if this takes too long.
info: Microsoft.EntityFrameworkCore.Database.Command[20101]
      Executed DbCommand (1ms) [Parameters=[], CommandType='Text', CommandTimeout='30']
      DECLARE @result int;
      EXEC @result = sp_getapplock @Resource = '__EFMigrationsLock', @LockOwner = 'Session', @LockMode = 'Exclusive';
      SELECT @result
info: Microsoft.EntityFrameworkCore.Database.Command[20101]
      Executed DbCommand (1ms) [Parameters=[], CommandType='Text', CommandTimeout='30']
      IF OBJECT_ID(N'[__EFMigrationsHistory]') IS NULL
      BEGIN
          CREATE TABLE [__EFMigrationsHistory] (
              [MigrationId] nvarchar(150) NOT NULL,
              [ProductVersion] nvarchar(32) NOT NULL,
              CONSTRAINT [PK___EFMigrationsHistory] PRIMARY KEY ([MigrationId])
          );
      END;
info: Microsoft.EntityFrameworkCore.Database.Command[20101]
      Executed DbCommand (0ms) [Parameters=[], CommandType='Text', CommandTimeout='30']
      SELECT 1
info: Microsoft.EntityFrameworkCore.Database.Command[20101]
      Executed DbCommand (0ms) [Parameters=[], CommandType='Text', CommandTimeout='30']
      SELECT OBJECT_ID(N'[__EFMigrationsHistory]');
info: Microsoft.EntityFrameworkCore.Database.Command[20101]
      Executed DbCommand (0ms) [Parameters=[], CommandType='Text', CommandTimeout='30']
      SELECT [MigrationId], [ProductVersion]
      FROM [__EFMigrationsHistory]
      ORDER BY [MigrationId];
info: Microsoft.EntityFrameworkCore.Migrations[20405]
      No migrations were applied. The database is already up to date.
info: Microsoft.EntityFrameworkCore.Database.Command[20101]
      Executed DbCommand (1ms) [Parameters=[], CommandType='Text', CommandTimeout='30']
      DECLARE @result int;
      EXEC @result = sp_releaseapplock @Resource = '__EFMigrationsLock', @LockOwner = 'Session';
      SELECT @result
warn: Microsoft.EntityFrameworkCore.Model[10632]
      No instantiatable types implementing `IEntityTypeConfiguration` were found while scanning assembly 'RadiologyCenter.BuildingBlocks.Infrastructure, Version=1.0.0.0, Culture=neutral, PublicKeyToken=null'.
info: Microsoft.EntityFrameworkCore.Database.Command[20101]
      Executed DbCommand (1ms) [Parameters=[], CommandType='Text', CommandTimeout='30']
      SELECT 1
info: Microsoft.EntityFrameworkCore.Migrations[20411]
      Acquiring an exclusive lock for migration application. See https://aka.ms/efcore-docs-migrations-lock for more information if this takes too long.
info: Microsoft.EntityFrameworkCore.Database.Command[20101]
      Executed DbCommand (1ms) [Parameters=[], CommandType='Text', CommandTimeout='30']
      DECLARE @result int;
      EXEC @result = sp_getapplock @Resource = '__EFMigrationsLock', @LockOwner = 'Session', @LockMode = 'Exclusive';
      SELECT @result
info: Microsoft.EntityFrameworkCore.Database.Command[20101]
      Executed DbCommand (1ms) [Parameters=[], CommandType='Text', CommandTimeout='30']
      IF OBJECT_ID(N'[__EFMigrationsHistory]') IS NULL
      BEGIN
          CREATE TABLE [__EFMigrationsHistory] (
              [MigrationId] nvarchar(150) NOT NULL,
              [ProductVersion] nvarchar(32) NOT NULL,
              CONSTRAINT [PK___EFMigrationsHistory] PRIMARY KEY ([MigrationId])
          );
      END;
info: Microsoft.EntityFrameworkCore.Database.Command[20101]
      Executed DbCommand (0ms) [Parameters=[], CommandType='Text', CommandTimeout='30']
      SELECT 1
info: Microsoft.EntityFrameworkCore.Database.Command[20101]
      Executed DbCommand (0ms) [Parameters=[], CommandType='Text', CommandTimeout='30']
      SELECT OBJECT_ID(N'[__EFMigrationsHistory]');
info: Microsoft.EntityFrameworkCore.Database.Command[20101]
      Executed DbCommand (0ms) [Parameters=[], CommandType='Text', CommandTimeout='30']
      SELECT [MigrationId], [ProductVersion]
      FROM [__EFMigrationsHistory]
      ORDER BY [MigrationId];
info: Microsoft.EntityFrameworkCore.Migrations[20405]
      No migrations were applied. The database is already up to date.
info: Microsoft.EntityFrameworkCore.Database.Command[20101]
      Executed DbCommand (0ms) [Parameters=[], CommandType='Text', CommandTimeout='30']
      DECLARE @result int;
      EXEC @result = sp_releaseapplock @Resource = '__EFMigrationsLock', @LockOwner = 'Session';
      SELECT @result
warn: Microsoft.EntityFrameworkCore.Model[10632]
      No instantiatable types implementing `IEntityTypeConfiguration` were found while scanning assembly 'RadiologyCenter.BuildingBlocks.Infrastructure, Version=1.0.0.0, Culture=neutral, PublicKeyToken=null'.
info: Microsoft.EntityFrameworkCore.Database.Command[20101]
      Executed DbCommand (1ms) [Parameters=[], CommandType='Text', CommandTimeout='30']
      SELECT 1
info: Microsoft.EntityFrameworkCore.Migrations[20411]
      Acquiring an exclusive lock for migration application. See https://aka.ms/efcore-docs-migrations-lock for more information if this takes too long.
info: Microsoft.EntityFrameworkCore.Database.Command[20101]
      Executed DbCommand (0ms) [Parameters=[], CommandType='Text', CommandTimeout='30']
      DECLARE @result int;
      EXEC @result = sp_getapplock @Resource = '__EFMigrationsLock', @LockOwner = 'Session', @LockMode = 'Exclusive';
      SELECT @result
info: Microsoft.EntityFrameworkCore.Database.Command[20101]
      Executed DbCommand (0ms) [Parameters=[], CommandType='Text', CommandTimeout='30']
      IF OBJECT_ID(N'[__EFMigrationsHistory]') IS NULL
      BEGIN
          CREATE TABLE [__EFMigrationsHistory] (
              [MigrationId] nvarchar(150) NOT NULL,
              [ProductVersion] nvarchar(32) NOT NULL,
              CONSTRAINT [PK___EFMigrationsHistory] PRIMARY KEY ([MigrationId])
          );
      END;
info: Microsoft.EntityFrameworkCore.Database.Command[20101]
      Executed DbCommand (0ms) [Parameters=[], CommandType='Text', CommandTimeout='30']
      SELECT 1
info: Microsoft.EntityFrameworkCore.Database.Command[20101]
      Executed DbCommand (0ms) [Parameters=[], CommandType='Text', CommandTimeout='30']
      SELECT OBJECT_ID(N'[__EFMigrationsHistory]');
info: Microsoft.EntityFrameworkCore.Database.Command[20101]
      Executed DbCommand (0ms) [Parameters=[], CommandType='Text', CommandTimeout='30']
      SELECT [MigrationId], [ProductVersion]
      FROM [__EFMigrationsHistory]
      ORDER BY [MigrationId];
info: Microsoft.EntityFrameworkCore.Migrations[20405]
      No migrations were applied. The database is already up to date.
info: Microsoft.EntityFrameworkCore.Database.Command[20101]
      Executed DbCommand (0ms) [Parameters=[], CommandType='Text', CommandTimeout='30']
      DECLARE @result int;
      EXEC @result = sp_releaseapplock @Resource = '__EFMigrationsLock', @LockOwner = 'Session';
      SELECT @result
warn: Microsoft.EntityFrameworkCore.Model[10632]
      No instantiatable types implementing `IEntityTypeConfiguration` were found while scanning assembly 'RadiologyCenter.BuildingBlocks.Infrastructure, Version=1.0.0.0, Culture=neutral, PublicKeyToken=null'.
info: Microsoft.EntityFrameworkCore.Database.Command[20101]
      Executed DbCommand (1ms) [Parameters=[], CommandType='Text', CommandTimeout='30']
      SELECT 1
info: Microsoft.EntityFrameworkCore.Migrations[20411]
      Acquiring an exclusive lock for migration application. See https://aka.ms/efcore-docs-migrations-lock for more information if this takes too long.
info: Microsoft.EntityFrameworkCore.Database.Command[20101]
      Executed DbCommand (1ms) [Parameters=[], CommandType='Text', CommandTimeout='30']
      DECLARE @result int;
      EXEC @result = sp_getapplock @Resource = '__EFMigrationsLock', @LockOwner = 'Session', @LockMode = 'Exclusive';
      SELECT @result
info: Microsoft.EntityFrameworkCore.Database.Command[20101]
      Executed DbCommand (1ms) [Parameters=[], CommandType='Text', CommandTimeout='30']
      IF OBJECT_ID(N'[__EFMigrationsHistory]') IS NULL
      BEGIN
          CREATE TABLE [__EFMigrationsHistory] (
              [MigrationId] nvarchar(150) NOT NULL,
              [ProductVersion] nvarchar(32) NOT NULL,
              CONSTRAINT [PK___EFMigrationsHistory] PRIMARY KEY ([MigrationId])
          );
      END;
info: Microsoft.EntityFrameworkCore.Database.Command[20101]
      Executed DbCommand (0ms) [Parameters=[], CommandType='Text', CommandTimeout='30']
      SELECT 1
info: Microsoft.EntityFrameworkCore.Database.Command[20101]
      Executed DbCommand (0ms) [Parameters=[], CommandType='Text', CommandTimeout='30']
      SELECT OBJECT_ID(N'[__EFMigrationsHistory]');
info: Microsoft.EntityFrameworkCore.Database.Command[20101]
      Executed DbCommand (0ms) [Parameters=[], CommandType='Text', CommandTimeout='30']
      SELECT [MigrationId], [ProductVersion]
      FROM [__EFMigrationsHistory]
      ORDER BY [MigrationId];
info: Microsoft.EntityFrameworkCore.Migrations[20405]
      No migrations were applied. The database is already up to date.
info: Microsoft.EntityFrameworkCore.Database.Command[20101]
      Executed DbCommand (0ms) [Parameters=[], CommandType='Text', CommandTimeout='30']
      DECLARE @result int;
      EXEC @result = sp_releaseapplock @Resource = '__EFMigrationsLock', @LockOwner = 'Session';
      SELECT @result
warn: Microsoft.EntityFrameworkCore.Model[10632]
      No instantiatable types implementing `IEntityTypeConfiguration` were found while scanning assembly 'RadiologyCenter.BuildingBlocks.Infrastructure, Version=1.0.0.0, Culture=neutral, PublicKeyToken=null'.
info: Microsoft.EntityFrameworkCore.Database.Command[20101]
      Executed DbCommand (1ms) [Parameters=[], CommandType='Text', CommandTimeout='30']
      SELECT 1
info: Microsoft.EntityFrameworkCore.Migrations[20411]
      Acquiring an exclusive lock for migration application. See https://aka.ms/efcore-docs-migrations-lock for more information if this takes too long.
info: Microsoft.EntityFrameworkCore.Database.Command[20101]
      Executed DbCommand (1ms) [Parameters=[], CommandType='Text', CommandTimeout='30']
      DECLARE @result int;
      EXEC @result = sp_getapplock @Resource = '__EFMigrationsLock', @LockOwner = 'Session', @LockMode = 'Exclusive';
      SELECT @result
info: Microsoft.EntityFrameworkCore.Database.Command[20101]
      Executed DbCommand (0ms) [Parameters=[], CommandType='Text', CommandTimeout='30']
      IF OBJECT_ID(N'[__EFMigrationsHistory]') IS NULL
      BEGIN
          CREATE TABLE [__EFMigrationsHistory] (
              [MigrationId] nvarchar(150) NOT NULL,
              [ProductVersion] nvarchar(32) NOT NULL,
              CONSTRAINT [PK___EFMigrationsHistory] PRIMARY KEY ([MigrationId])
          );
      END;
info: Microsoft.EntityFrameworkCore.Database.Command[20101]
      Executed DbCommand (0ms) [Parameters=[], CommandType='Text', CommandTimeout='30']
      SELECT 1
info: Microsoft.EntityFrameworkCore.Database.Command[20101]
      Executed DbCommand (0ms) [Parameters=[], CommandType='Text', CommandTimeout='30']
      SELECT OBJECT_ID(N'[__EFMigrationsHistory]');
info: Microsoft.EntityFrameworkCore.Database.Command[20101]
      Executed DbCommand (0ms) [Parameters=[], CommandType='Text', CommandTimeout='30']
      SELECT [MigrationId], [ProductVersion]
      FROM [__EFMigrationsHistory]
      ORDER BY [MigrationId];
info: Microsoft.EntityFrameworkCore.Migrations[20405]
      No migrations were applied. The database is already up to date.
info: Microsoft.EntityFrameworkCore.Database.Command[20101]
      Executed DbCommand (0ms) [Parameters=[], CommandType='Text', CommandTimeout='30']
      DECLARE @result int;
      EXEC @result = sp_releaseapplock @Resource = '__EFMigrationsLock', @LockOwner = 'Session';
      SELECT @result
warn: Microsoft.EntityFrameworkCore.Model[10632]
      No instantiatable types implementing `IEntityTypeConfiguration` were found while scanning assembly 'RadiologyCenter.BuildingBlocks.Infrastructure, Version=1.0.0.0, Culture=neutral, PublicKeyToken=null'.
info: Microsoft.EntityFrameworkCore.Database.Command[20101]
      Executed DbCommand (1ms) [Parameters=[], CommandType='Text', CommandTimeout='30']
      SELECT 1
info: Microsoft.EntityFrameworkCore.Migrations[20411]
      Acquiring an exclusive lock for migration application. See https://aka.ms/efcore-docs-migrations-lock for more information if this takes too long.
info: Microsoft.EntityFrameworkCore.Database.Command[20101]
      Executed DbCommand (1ms) [Parameters=[], CommandType='Text', CommandTimeout='30']
      DECLARE @result int;
      EXEC @result = sp_getapplock @Resource = '__EFMigrationsLock', @LockOwner = 'Session', @LockMode = 'Exclusive';
      SELECT @result
info: Microsoft.EntityFrameworkCore.Database.Command[20101]
      Executed DbCommand (1ms) [Parameters=[], CommandType='Text', CommandTimeout='30']
      IF OBJECT_ID(N'[__EFMigrationsHistory]') IS NULL
      BEGIN
          CREATE TABLE [__EFMigrationsHistory] (
              [MigrationId] nvarchar(150) NOT NULL,
              [ProductVersion] nvarchar(32) NOT NULL,
              CONSTRAINT [PK___EFMigrationsHistory] PRIMARY KEY ([MigrationId])
          );
      END;
info: Microsoft.EntityFrameworkCore.Database.Command[20101]
      Executed DbCommand (0ms) [Parameters=[], CommandType='Text', CommandTimeout='30']
      SELECT 1
info: Microsoft.EntityFrameworkCore.Database.Command[20101]
      Executed DbCommand (0ms) [Parameters=[], CommandType='Text', CommandTimeout='30']
      SELECT OBJECT_ID(N'[__EFMigrationsHistory]');
info: Microsoft.EntityFrameworkCore.Database.Command[20101]
      Executed DbCommand (0ms) [Parameters=[], CommandType='Text', CommandTimeout='30']
      SELECT [MigrationId], [ProductVersion]
      FROM [__EFMigrationsHistory]
      ORDER BY [MigrationId];
info: Microsoft.EntityFrameworkCore.Migrations[20405]
      No migrations were applied. The database is already up to date.
info: Microsoft.EntityFrameworkCore.Database.Command[20101]
      Executed DbCommand (1ms) [Parameters=[], CommandType='Text', CommandTimeout='30']
      DECLARE @result int;
      EXEC @result = sp_releaseapplock @Resource = '__EFMigrationsLock', @LockOwner = 'Session';
      SELECT @result
warn: Microsoft.EntityFrameworkCore.Model[10632]
      No instantiatable types implementing `IEntityTypeConfiguration` were found while scanning assembly 'RadiologyCenter.BuildingBlocks.Infrastructure, Version=1.0.0.0, Culture=neutral, PublicKeyToken=null'.
info: Microsoft.EntityFrameworkCore.Database.Command[20101]
      Executed DbCommand (1ms) [Parameters=[], CommandType='Text', CommandTimeout='30']
      SELECT 1
info: Microsoft.EntityFrameworkCore.Migrations[20411]
      Acquiring an exclusive lock for migration application. See https://aka.ms/efcore-docs-migrations-lock for more information if this takes too long.
info: Microsoft.EntityFrameworkCore.Database.Command[20101]
      Executed DbCommand (1ms) [Parameters=[], CommandType='Text', CommandTimeout='30']
      DECLARE @result int;
      EXEC @result = sp_getapplock @Resource = '__EFMigrationsLock', @LockOwner = 'Session', @LockMode = 'Exclusive';
      SELECT @result
info: Microsoft.EntityFrameworkCore.Database.Command[20101]
      Executed DbCommand (1ms) [Parameters=[], CommandType='Text', CommandTimeout='30']
      IF OBJECT_ID(N'[__EFMigrationsHistory]') IS NULL
      BEGIN
          CREATE TABLE [__EFMigrationsHistory] (
              [MigrationId] nvarchar(150) NOT NULL,
              [ProductVersion] nvarchar(32) NOT NULL,
              CONSTRAINT [PK___EFMigrationsHistory] PRIMARY KEY ([MigrationId])
          );
      END;
info: Microsoft.EntityFrameworkCore.Database.Command[20101]
      Executed DbCommand (0ms) [Parameters=[], CommandType='Text', CommandTimeout='30']
      SELECT 1
info: Microsoft.EntityFrameworkCore.Database.Command[20101]
      Executed DbCommand (1ms) [Parameters=[], CommandType='Text', CommandTimeout='30']
      SELECT OBJECT_ID(N'[__EFMigrationsHistory]');
info: Microsoft.EntityFrameworkCore.Database.Command[20101]
      Executed DbCommand (0ms) [Parameters=[], CommandType='Text', CommandTimeout='30']
      SELECT [MigrationId], [ProductVersion]
      FROM [__EFMigrationsHistory]
      ORDER BY [MigrationId];
info: Microsoft.EntityFrameworkCore.Migrations[20405]
      No migrations were applied. The database is already up to date.
info: Microsoft.EntityFrameworkCore.Database.Command[20101]
      Executed DbCommand (1ms) [Parameters=[], CommandType='Text', CommandTimeout='30']
      DECLARE @result int;
      EXEC @result = sp_releaseapplock @Resource = '__EFMigrationsLock', @LockOwner = 'Session';
      SELECT @result
warn: Microsoft.EntityFrameworkCore.Model[10632]
      No instantiatable types implementing `IEntityTypeConfiguration` were found while scanning assembly 'RadiologyCenter.BuildingBlocks.Infrastructure, Version=1.0.0.0, Culture=neutral, PublicKeyToken=null'.
info: Microsoft.EntityFrameworkCore.Database.Command[20101]
      Executed DbCommand (0ms) [Parameters=[], CommandType='Text', CommandTimeout='30']
      SELECT 1
info: Microsoft.EntityFrameworkCore.Migrations[20411]
      Acquiring an exclusive lock for migration application. See https://aka.ms/efcore-docs-migrations-lock for more information if this takes too long.
info: Microsoft.EntityFrameworkCore.Database.Command[20101]
      Executed DbCommand (0ms) [Parameters=[], CommandType='Text', CommandTimeout='30']
      DECLARE @result int;
      EXEC @result = sp_getapplock @Resource = '__EFMigrationsLock', @LockOwner = 'Session', @LockMode = 'Exclusive';
      SELECT @result
info: Microsoft.EntityFrameworkCore.Database.Command[20101]
      Executed DbCommand (0ms) [Parameters=[], CommandType='Text', CommandTimeout='30']
      IF OBJECT_ID(N'[__EFMigrationsHistory]') IS NULL
      BEGIN
          CREATE TABLE [__EFMigrationsHistory] (
              [MigrationId] nvarchar(150) NOT NULL,
              [ProductVersion] nvarchar(32) NOT NULL,
              CONSTRAINT [PK___EFMigrationsHistory] PRIMARY KEY ([MigrationId])
          );
      END;
info: Microsoft.EntityFrameworkCore.Database.Command[20101]
      Executed DbCommand (0ms) [Parameters=[], CommandType='Text', CommandTimeout='30']
      SELECT 1
info: Microsoft.EntityFrameworkCore.Database.Command[20101]
      Executed DbCommand (0ms) [Parameters=[], CommandType='Text', CommandTimeout='30']
      SELECT OBJECT_ID(N'[__EFMigrationsHistory]');
info: Microsoft.EntityFrameworkCore.Database.Command[20101]
      Executed DbCommand (0ms) [Parameters=[], CommandType='Text', CommandTimeout='30']
      SELECT [MigrationId], [ProductVersion]
      FROM [__EFMigrationsHistory]
      ORDER BY [MigrationId];
info: Microsoft.EntityFrameworkCore.Migrations[20405]
      No migrations were applied. The database is already up to date.
info: Microsoft.EntityFrameworkCore.Database.Command[20101]
      Executed DbCommand (0ms) [Parameters=[], CommandType='Text', CommandTimeout='30']
      DECLARE @result int;
      EXEC @result = sp_releaseapplock @Resource = '__EFMigrationsLock', @LockOwner = 'Session';
      SELECT @result
info: Wolverine.Runtime.WolverineRuntime[0]
      Exporting Open Telemetry metrics from Wolverine with name Wolverine:RadiologyCenter.BuildingBlocks.Application, version 6.24.0.0
info: Wolverine.Runtime.WolverineRuntime[0]
      Starting Wolverine messaging for application assembly RadiologyCenter.BuildingBlocks.Application, Version=1.0.0.0, Culture=neutral, PublicKeyToken=null
info: Wolverine.Runtime.WolverineRuntime[0]
      The Wolverine code generation mode is Dynamic. This is suitable for development, but you may want to opt into other options for production usage to reduce start up time and resource utilization.
info: Wolverine.Runtime.WolverineRuntime[0]
      See https://wolverine.netlify.app/guide/codegen.html for more information
info: Wolverine.Configuration.HandlerDiscovery[0]
      Searching assembly Wolverine.RuntimeCompilation, Version=6.24.0.0, Culture=neutral, PublicKeyToken=null for Wolverine message handlers
info: Wolverine.Configuration.HandlerDiscovery[0]
      Searching assembly RadiologyCenter.BuildingBlocks.Application, Version=1.0.0.0, Culture=neutral, PublicKeyToken=null for Wolverine message handlers
info: Wolverine.Configuration.HandlerDiscovery[0]
      Searching assembly RadiologyCenter.Identity.Application, Version=1.0.0.0, Culture=neutral, PublicKeyToken=null for Wolverine message handlers
info: Wolverine.Configuration.HandlerDiscovery[0]
      Searching assembly RadiologyCenter.Patients.Application, Version=1.0.0.0, Culture=neutral, PublicKeyToken=null for Wolverine message handlers
info: Wolverine.Configuration.HandlerDiscovery[0]
      Searching assembly RadiologyCenter.Inventory.Application, Version=1.0.0.0, Culture=neutral, PublicKeyToken=null for Wolverine message handlers
info: Wolverine.Configuration.HandlerDiscovery[0]
      Searching assembly RadiologyCenter.Examinations.Application, Version=1.0.0.0, Culture=neutral, PublicKeyToken=null for Wolverine message handlers
info: Wolverine.Configuration.HandlerDiscovery[0]
      Searching assembly RadiologyCenter.ResourceManagement.Application, Version=1.0.0.0, Culture=neutral, PublicKeyToken=null for Wolverine message handlers
info: Wolverine.Configuration.HandlerDiscovery[0]
      Searching assembly RadiologyCenter.Payroll.Application, Version=1.0.0.0, Culture=neutral, PublicKeyToken=null for Wolverine message handlers
info: Wolverine.Configuration.HandlerDiscovery[0]
      Searching assembly RadiologyCenter.Reports.Application, Version=1.0.0.0, Culture=neutral, PublicKeyToken=null for Wolverine message handlers
info: Wolverine.Configuration.HandlerDiscovery[0]
      Searching assembly RadiologyCenter.Insurance.Application, Version=1.0.0.0, Culture=neutral, PublicKeyToken=null for Wolverine message handlers
info: Wolverine.Configuration.HandlerDiscovery[0]
      Searching assembly RadiologyCenter.Cash.Application, Version=1.0.0.0, Culture=neutral, PublicKeyToken=null for Wolverine message handlers
info: Wolverine.Runtime.WolverineRuntime[0]
      Wolverine assigned node id for envelope persistence is -93749785
info: Wolverine.Transports.ListeningAgent[0]
      Started message listening at stub://replies/
info: Microsoft.Hosting.Lifetime[14]
      Now listening on: http://localhost:5224
info: Microsoft.Hosting.Lifetime[0]
      Application started. Press Ctrl+C to shut down.
info: Microsoft.Hosting.Lifetime[0]
      Hosting environment: Production
info: Microsoft.Hosting.Lifetime[0]
      Content root path: C:\Users\Ahmed Abdou\source\repos\radiology-center-management-system\src\Backend\Localhost\RadiologyCenter.Localhost
warn: JasperFx.CodeGeneration.ICodeFile[0]
      Utilizing service location for Message Handler for RadiologyCenter.Identity.Application.Commands.Login.LoginCommand for Service RadiologyCenter.Identity.Application.Abstractions.IUserRepository: 
      Dependency: Descriptor: ServiceType: RadiologyCenter.Identity.Infrastructure.Persistence.IdentityDbContext Lifetime: Scoped ImplementationType: RadiologyCenter.Identity.Infrastructure.Persistence.IdentityDbContext
      
      Dependency: Descriptor: ServiceType: Microsoft.EntityFrameworkCore.DbContextOptions`1[RadiologyCenter.Identity.Infrastructure.Persistence.IdentityDbContext] Lifetime: Scoped ImplementationFactory: Microsoft.Extensions.DependencyInjection.EntityFrameworkServiceCollectionExtensions.CreateDbContextOptions
      The service registration for Microsoft.EntityFrameworkCore.DbContextOptions<RadiologyCenter.Identity.Infrastructure.Persistence.IdentityDbContext> is an 'opaque' lambda factory with the Scoped lifetime and requires service location
      
      . This will throw in Wolverine 6.0 when ServiceLocationPolicy.NotAllowed becomes the default. See https://wolverinefx.net/guide/codegen.html
warn: JasperFx.CodeGeneration.ICodeFile[0]
      Utilizing service location for Message Handler for RadiologyCenter.Identity.Application.Commands.Login.LoginCommand for Service RadiologyCenter.Identity.Application.Abstractions.IIdentityUnitOfWork: 
      Dependency: Descriptor: ServiceType: RadiologyCenter.Identity.Infrastructure.Persistence.IdentityDbContext Lifetime: Scoped ImplementationType: RadiologyCenter.Identity.Infrastructure.Persistence.IdentityDbContext
      
      Dependency: Descriptor: ServiceType: Microsoft.EntityFrameworkCore.DbContextOptions`1[RadiologyCenter.Identity.Infrastructure.Persistence.IdentityDbContext] Lifetime: Scoped ImplementationFactory: Microsoft.Extensions.DependencyInjection.EntityFrameworkServiceCollectionExtensions.CreateDbContextOptions
      The service registration for Microsoft.EntityFrameworkCore.DbContextOptions<RadiologyCenter.Identity.Infrastructure.Persistence.IdentityDbContext> is an 'opaque' lambda factory with the Scoped lifetime and requires service location
      
      . This will throw in Wolverine 6.0 when ServiceLocationPolicy.NotAllowed becomes the default. See https://wolverinefx.net/guide/codegen.html
warn: Microsoft.EntityFrameworkCore.Query[20504]
      Compiling a query which loads related collections for more than one collection navigation, either via 'Include' or through projection, but no 'QuerySplittingBehavior' has been configured. By default, Entity Framework will use 'QuerySplittingBehavior.SingleQuery', which can potentially result in slow query performance. See https://go.microsoft.com/fwlink/?linkid=2134277 for more information. To identify the query that's triggering this warning call 'ConfigureWarnings(w => w.Throw(RelationalEventId.MultipleCollectionIncludeWarning))'.
info: Microsoft.EntityFrameworkCore.Database.Command[20101]
      Executed DbCommand (78ms) [Parameters=[@userName='?' (Size = 4000)], CommandType='Text', CommandTimeout='30']
      SELECT [a3].[Id], [a3].[AccessFailedCount], [a3].[ConcurrencyStamp], [a3].[CreatedAt], [a3].[Email], [a3].[EmailConfirmed], [a3].[FirstName], [a3].[IsActive], [a3].[LastLoginAt], [a3].[LastName], [a3].[LockoutEnabled], [a3].[LockoutEnd], [a3].[MustChangePassword], [a3].[NormalizedEmail], [a3].[NormalizedUserName], [a3].[PasswordHash], [a3].[PhoneNumber], [a3].[PhoneNumberConfirmed], [a3].[ProfilePictureUrl], [a3].[SecurityStamp], [a3].[TwoFactorEnabled], [a3].[UserName], [r].[UserId], [r].[Token], [r].[CreatedAtUtc], [r].[ExpiresAtUtc], [r].[RevokedAtUtc], [u].[UserId], [u].[Id], [u].[LastActivityAtUtc], [u].[RefreshToken], [u].[RevokedAtUtc], [u].[StartedAtUtc], [s0].[AssignedRolesId], [s0].[UserId], [s0].[Id], [s0].[ConcurrencyStamp], [s0].[CreatedAt], [s0].[Description], [s0].[IsActive], [s0].[IsSystem], [s0].[Name], [s0].[NormalizedName], [s0].[PermissionsId], [s0].[RoleId], [s0].[Id0], [s0].[Code], [s0].[Description0], [s0].[Group], [s0].[Name0]
      FROM (
          SELECT TOP(1) [a].[Id], [a].[AccessFailedCount], [a].[ConcurrencyStamp], [a].[CreatedAt], [a].[Email], [a].[EmailConfirmed], [a].[FirstName], [a].[IsActive], [a].[LastLoginAt], [a].[LastName], [a].[LockoutEnabled], [a].[LockoutEnd], [a].[MustChangePassword], [a].[NormalizedEmail], [a].[NormalizedUserName], [a].[PasswordHash], [a].[PhoneNumber], [a].[PhoneNumberConfirmed], [a].[ProfilePictureUrl], [a].[SecurityStamp], [a].[TwoFactorEnabled], [a].[UserName]
          FROM [Identity].[AspNetUsers] AS [a]
          WHERE [a].[UserName] = @userName
      ) AS [a3]
      LEFT JOIN [Identity].[RefreshToken] AS [r] ON [a3].[Id] = [r].[UserId]
      LEFT JOIN [Identity].[UserSession] AS [u] ON [a3].[Id] = [u].[UserId]
      LEFT JOIN (
          SELECT [a0].[AssignedRolesId], [a0].[UserId], [a1].[Id], [a1].[ConcurrencyStamp], [a1].[CreatedAt], [a1].[Description], [a1].[IsActive], [a1].[IsSystem], [a1].[Name], [a1].[NormalizedName], [s].[PermissionsId], [s].[RoleId], [s].[Id] AS [Id0], [s].[Code], [s].[Description] AS [Description0], [s].[Group], [s].[Name] AS [Name0]
          FROM [Identity].[AspNetUserRoles] AS [a0]
          INNER JOIN [Identity].[AspNetRoles] AS [a1] ON [a0].[AssignedRolesId] = [a1].[Id]
          LEFT JOIN (
              SELECT [r0].[PermissionsId], [r0].[RoleId], [a2].[Id], [a2].[Code], [a2].[Description], [a2].[Group], [a2].[Name]
              FROM [Identity].[RolePermissions] AS [r0]
              INNER JOIN [Identity].[AspNetPermissions] AS [a2] ON [r0].[PermissionsId] = [a2].[Id]
          ) AS [s] ON [a1].[Id] = [s].[RoleId]
      ) AS [s0] ON [a3].[Id] = [s0].[UserId]
      ORDER BY [a3].[Id], [r].[UserId], [r].[Token], [u].[UserId], [u].[Id], [s0].[AssignedRolesId], [s0].[UserId], [s0].[Id], [s0].[PermissionsId], [s0].[RoleId]
info: Microsoft.EntityFrameworkCore.Database.Command[20101]
      Executed DbCommand (10ms) [Parameters=[@p1='?' (DbType = Guid), @p0='?' (DbType = DateTime2), @p3='?' (Size = 256), @p4='?' (DbType = Guid), @p2='?' (DbType = DateTime2), @p5='?' (Size = 256), @p6='?' (DbType = Guid), @p7='?' (DbType = DateTime2), @p8='?' (DbType = DateTime2), @p9='?' (DbType = DateTime2), @p11='?' (DbType = Guid), @p12='?' (DbType = Guid), @p10='?' (DbType = DateTime2), @p13='?' (DbType = Guid), @p14='?' (DbType = Guid), @p15='?' (DbType = DateTime2), @p16='?' (Size = 256), @p17='?' (DbType = DateTime2), @p18='?' (DbType = DateTime2)], CommandType='Text', CommandTimeout='30']
      SET NOCOUNT ON;
      UPDATE [Identity].[AspNetUsers] SET [LastLoginAt] = @p0
      OUTPUT 1
      WHERE [Id] = @p1;
      UPDATE [Identity].[RefreshToken] SET [RevokedAtUtc] = @p2
      OUTPUT 1
      WHERE [Token] = @p3 AND [UserId] = @p4;
      INSERT INTO [Identity].[RefreshToken] ([Token], [UserId], [CreatedAtUtc], [ExpiresAtUtc], [RevokedAtUtc])
      VALUES (@p5, @p6, @p7, @p8, @p9);
      UPDATE [Identity].[UserSession] SET [RevokedAtUtc] = @p10
      OUTPUT 1
      WHERE [Id] = @p11 AND [UserId] = @p12;
      INSERT INTO [Identity].[UserSession] ([Id], [UserId], [LastActivityAtUtc], [RefreshToken], [RevokedAtUtc], [StartedAtUtc])
      VALUES (@p13, @p14, @p15, @p16, @p17, @p18);
info: Wolverine.Runtime.WolverineRuntime[107]
      No routes can be determined for Envelope #08def78c-269b-6746-e86a-64c9e0060000 (RadiologyCenter.Identity.Domain.Events.UserLoggedInEvent)
warn: JasperFx.CodeGeneration.ICodeFile[0]
      Utilizing service location for Message Handler for RadiologyCenter.Examinations.Application.Commands.RecordExaminationPayment.RecordExaminationPaymentCommand for Service RadiologyCenter.Examinations.Application.Abstractions.IExaminationRepository: 
      Dependency: Descriptor: ServiceType: RadiologyCenter.Examinations.Infrastructure.Persistence.ExaminationsDbContext Lifetime: Scoped ImplementationType: RadiologyCenter.Examinations.Infrastructure.Persistence.ExaminationsDbContext
      
      Dependency: Descriptor: ServiceType: Microsoft.EntityFrameworkCore.DbContextOptions`1[RadiologyCenter.Examinations.Infrastructure.Persistence.ExaminationsDbContext] Lifetime: Scoped ImplementationFactory: Microsoft.Extensions.DependencyInjection.EntityFrameworkServiceCollectionExtensions.CreateDbContextOptions
      The service registration for Microsoft.EntityFrameworkCore.DbContextOptions<RadiologyCenter.Examinations.Infrastructure.Persistence.ExaminationsDbContext> is an 'opaque' lambda factory with the Scoped lifetime and requires service location
      
      . This will throw in Wolverine 6.0 when ServiceLocationPolicy.NotAllowed becomes the default. See https://wolverinefx.net/guide/codegen.html
warn: JasperFx.CodeGeneration.ICodeFile[0]
      Utilizing service location for Message Handler for RadiologyCenter.Examinations.Application.Commands.RecordExaminationPayment.RecordExaminationPaymentCommand for Service RadiologyCenter.Examinations.Application.Abstractions.IExaminationsUnitOfWork: 
      Dependency: Descriptor: ServiceType: RadiologyCenter.Examinations.Infrastructure.Persistence.ExaminationsDbContext Lifetime: Scoped ImplementationType: RadiologyCenter.Examinations.Infrastructure.Persistence.ExaminationsDbContext
      
      Dependency: Descriptor: ServiceType: Microsoft.EntityFrameworkCore.DbContextOptions`1[RadiologyCenter.Examinations.Infrastructure.Persistence.ExaminationsDbContext] Lifetime: Scoped ImplementationFactory: Microsoft.Extensions.DependencyInjection.EntityFrameworkServiceCollectionExtensions.CreateDbContextOptions
      The service registration for Microsoft.EntityFrameworkCore.DbContextOptions<RadiologyCenter.Examinations.Infrastructure.Persistence.ExaminationsDbContext> is an 'opaque' lambda factory with the Scoped lifetime and requires service location
      
      . This will throw in Wolverine 6.0 when ServiceLocationPolicy.NotAllowed becomes the default. See https://wolverinefx.net/guide/codegen.html
info: Microsoft.EntityFrameworkCore.Database.Command[20101]
      Executed DbCommand (8ms) [Parameters=[@id='?' (DbType = Guid)], CommandType='Text', CommandTimeout='30']
      SELECT TOP(1) [e].[Id], [e].[CancellationReason], [e].[ClinicalIndication], [e].[CompletedAt], [e].[CreatedAt], [e].[CreatedBy], [e].[Discount], [e].[ExaminationTypeId], [e].[IsDiscountPercentage], [e].[LastModifiedAt], [e].[LastModifiedBy], [e].[Notes], [e].[Paid], [e].[PatientId], [e].[PerformedByUserId], [e].[Price], [e].[Priority], [e].[RadiologistId], [e].[ReferralDoctorId], [e].[Remaining], [e].[ScheduledAt], [e].[StartedAt], [e].[Status], [e].[TechnicianId]
      FROM [Examinations].[Examinations] AS [e]
      WHERE [e].[Id] = @id
fail: RadiologyCenter.Examinations.Application.Commands.RecordExaminationPayment.RecordExaminationPaymentCommand[0]
      Invocation of RecordExaminationPaymentCommand { ExaminationId = 42e803b0-82e0-40f5-97dc-8d54a14fe941, Amount = -5, Description =  } failed!
      FluentValidation.ValidationException: Validation failure on: RecordExaminationPaymentCommand { ExaminationId = 42e803b0-82e0-40f5-97dc-8d54a14fe941, Amount = -5, Description =  }
         at Wolverine.FluentValidation.Internals.FailureAction`1.Throw(T message, IReadOnlyList`1 failures) in /home/runner/work/wolverine/wolverine/src/Extensions/Wolverine.FluentValidation/Internals/FailureAction.cs:line 15
         at Wolverine.FluentValidation.Internals.FluentValidationExecutor.ExecuteOne[T](IValidator`1 validator, IFailureAction`1 failureAction, T message) in /home/runner/work/wolverine/wolverine/src/Extensions/Wolverine.FluentValidation/Internals/FluentValidationExecutor.cs:line 15
         at Internal.Generated.WolverineHandlers.RecordExaminationPaymentCommandHandler1271105282.HandleAsync(MessageContext context, CancellationToken cancellation)
         at Internal.Generated.WolverineHandlers.RecordExaminationPaymentCommandHandler1271105282.HandleAsync(MessageContext context, CancellationToken cancellation)
         at Wolverine.Runtime.Handlers.Executor.InvokeAsync(MessageContext context, CancellationToken cancellation) in /home/runner/work/wolverine/wolverine/src/Wolverine/Runtime/Handlers/Executor.cs:line 278
warn: RadiologyCenter.Localhost.Middleware.ExceptionMiddleware[0]
      Fluent validation failed
      FluentValidation.ValidationException: Validation failure on: RecordExaminationPaymentCommand { ExaminationId = 42e803b0-82e0-40f5-97dc-8d54a14fe941, Amount = -5, Description =  }
         at Wolverine.FluentValidation.Internals.FailureAction`1.Throw(T message, IReadOnlyList`1 failures) in /home/runner/work/wolverine/wolverine/src/Extensions/Wolverine.FluentValidation/Internals/FailureAction.cs:line 15
         at Wolverine.FluentValidation.Internals.FluentValidationExecutor.ExecuteOne[T](IValidator`1 validator, IFailureAction`1 failureAction, T message) in /home/runner/work/wolverine/wolverine/src/Extensions/Wolverine.FluentValidation/Internals/FluentValidationExecutor.cs:line 15
         at Internal.Generated.WolverineHandlers.RecordExaminationPaymentCommandHandler1271105282.HandleAsync(MessageContext context, CancellationToken cancellation)
         at Internal.Generated.WolverineHandlers.RecordExaminationPaymentCommandHandler1271105282.HandleAsync(MessageContext context, CancellationToken cancellation)
         at Wolverine.Runtime.Handlers.Executor.InvokeAsync(MessageContext context, CancellationToken cancellation) in /home/runner/work/wolverine/wolverine/src/Wolverine/Runtime/Handlers/Executor.cs:line 278
         at Wolverine.Runtime.Handlers.Executor.InvokeAsync(MessageContext context, CancellationToken cancellation) in /home/runner/work/wolverine/wolverine/src/Wolverine/Runtime/Handlers/Executor.cs:line 290
         at Wolverine.Runtime.Handlers.Executor.InvokeInlineAsync(Envelope envelope, CancellationToken cancellation) in /home/runner/work/wolverine/wolverine/src/Wolverine/Runtime/Handlers/Executor.cs:line 144
         at Wolverine.Runtime.Handlers.Executor.InvokeAsync[T](Object message, MessageBus bus, CancellationToken cancellation, Nullable`1 timeout, DeliveryOptions options) in /home/runner/work/wolverine/wolverine/src/Wolverine/Runtime/Handlers/Executor.cs:line 185
         at RadiologyCenter.Localhost.Controllers.Examinations.ExaminationsController.RecordPaymentAsync(Guid examinationId, RecordExaminationPaymentCommand command, CancellationToken ct) in C:\Users\Ahmed Abdou\source\repos\radiology-center-management-system\src\Backend\Localhost\RadiologyCenter.Localhost\Controllers\Examinations\ExaminationsController.cs:line 117
         at Microsoft.AspNetCore.Mvc.Infrastructure.ActionMethodExecutor.TaskOfIActionResultExecutor.Execute(ActionContext actionContext, IActionResultTypeMapper mapper, ObjectMethodExecutor executor, Object controller, Object[] arguments)
         at Microsoft.AspNetCore.Mvc.Infrastructure.ControllerActionInvoker.<InvokeActionMethodAsync>g__Awaited|12_0(ControllerActionInvoker invoker, ValueTask`1 actionResultValueTask)
         at Microsoft.AspNetCore.Mvc.Infrastructure.ControllerActionInvoker.<InvokeNextActionFilterAsync>g__Awaited|10_0(ControllerActionInvoker invoker, Task lastTask, State next, Scope scope, Object state, Boolean isCompleted)
         at Microsoft.AspNetCore.Mvc.Infrastructure.ControllerActionInvoker.Rethrow(ActionExecutedContextSealed context)
         at Microsoft.AspNetCore.Mvc.Infrastructure.ControllerActionInvoker.Next(State& next, Scope& scope, Object& state, Boolean& isCompleted)
         at Microsoft.AspNetCore.Mvc.Infrastructure.ControllerActionInvoker.InvokeInnerFilterAsync()
      --- End of stack trace from previous location ---
         at Microsoft.AspNetCore.Mvc.Infrastructure.ResourceInvoker.<InvokeFilterPipelineAsync>g__Awaited|20_0(ResourceInvoker invoker, Task lastTask, State next, Scope scope, Object state, Boolean isCompleted)
         at Microsoft.AspNetCore.Mvc.Infrastructure.ResourceInvoker.<InvokeAsync>g__Awaited|17_0(ResourceInvoker invoker, Task task, IDisposable scope)
         at Microsoft.AspNetCore.Mvc.Infrastructure.ResourceInvoker.<InvokeAsync>g__Awaited|17_0(ResourceInvoker invoker, Task task, IDisposable scope)
         at Swashbuckle.AspNetCore.SwaggerUI.SwaggerUIMiddleware.Invoke(HttpContext httpContext)
         at Swashbuckle.AspNetCore.Swagger.SwaggerMiddleware.Invoke(HttpContext httpContext, ISwaggerProvider swaggerProvider)
         at RadiologyCenter.Localhost.Middleware.ExceptionMiddleware.InvokeAsync(HttpContext context) in C:\Users\Ahmed Abdou\source\repos\radiology-center-management-system\src\Backend\Localhost\RadiologyCenter.Localhost\Middleware\ExceptionMiddleware.cs:line 22
^C